******************************************************************************
                  TI ARM Linker PC v20.2.3                     
******************************************************************************
>> Linked Mon Apr 12 20:46:15 2021

OUTPUT FILE NAME:   <3leads_ecg_cc2640r2f_4x4_app.out>
ENTRY POINT SYMBOL: "ResetISR"  address: 00013fad


MEMORY CONFIGURATION

         name            origin    length      used     unused   attr    fill
----------------------  --------  ---------  --------  --------  ----  --------
  FLASH                 00000000   0001f000  0001a7f2  0000480e  R  X
  FLASH_LAST_PAGE       0001f000   00001000  00000058  00000fa8  R  X
  SRAM                  20000000   00004400  00002a08  000019f8  RW X


SEGMENT ALLOCATION MAP

run origin  load origin   length   init length attrs members
----------  ----------- ---------- ----------- ----- -------
00000000    00000000    000197fc   000197fc    r-x
  00000000    00000000    0000003c   0000003c    r-- .resetVecs
  0000003c    0000003c    00000fc4   00000fc4    r-x .text.1
  00001000    00001000    00000028   00000028    r-- .const:ti_sysbios_heaps_HeapMem_Module__FXNS__C
  00001028    00001028    00000024   00000024    r-- .const:ti_sysbios_gates_GateHwi_Module__FXNS__C
  0000104c    0000104c    00000024   00000024    r-- .const:ti_sysbios_gates_GateMutex_Module__FXNS__C
  00001070    00001070    00000020   00000020    r-- .const:ti_sysbios_family_arm_m3_Hwi_Object__DESC__C
  00001090    00001090    00000020   00000020    r-- .const:ti_sysbios_gates_GateHwi_Object__DESC__C
  000010b0    000010b0    00000020   00000020    r-- .const:ti_sysbios_gates_GateMutex_Object__DESC__C
  000010d0    000010d0    00000020   00000020    r-- .const:ti_sysbios_hal_Hwi_Object__DESC__C
  000010f0    000010f0    00000020   00000020    r-- .const:ti_sysbios_heaps_HeapMem_Object__DESC__C
  00001110    00001110    00000020   00000020    r-- .const:ti_sysbios_knl_Clock_Object__DESC__C
  00001130    00001130    00000020   00000020    r-- .const:ti_sysbios_knl_Event_Object__DESC__C
  00001150    00001150    00000020   00000020    r-- .const:ti_sysbios_knl_Mailbox_Object__DESC__C
  00001170    00001170    00000020   00000020    r-- .const:ti_sysbios_knl_Queue_Object__DESC__C
  00001190    00001190    00000020   00000020    r-- .const:ti_sysbios_knl_Semaphore_Object__DESC__C
  000011b0    000011b0    00000020   00000020    r-- .const:ti_sysbios_knl_Swi_Object__DESC__C
  000011d0    000011d0    00000020   00000020    r-- .const:ti_sysbios_knl_Task_Object__DESC__C
  000011f0    000011f0    00000008   00000008    r-- .const:ti_sysbios_knl_Idle_funcList__C
  000011f8    000011f8    00000004   00000004    r-- .const:ti_sysbios_family_arm_cc26xx_Timer_startupNeeded__C
  000011fc    000011fc    00000004   00000004    r-- .const:ti_sysbios_family_arm_m3_Hwi_E_alreadyDefined__C
  00001200    00001200    00000004   00000004    r-- .const:ti_sysbios_family_arm_m3_Hwi_E_hwiLimitExceeded__C
  00001204    00001204    00000004   00000004    r-- .const:ti_sysbios_family_arm_m3_Hwi_NUM_INTERRUPTS__C
  00001208    00001208    00000004   00000004    r-- .const:ti_sysbios_family_arm_m3_Hwi_Object__count__C
  0000120c    0000120c    00000004   00000004    r-- .const:ti_sysbios_family_arm_m3_Hwi_Object__table__C
  00001210    00001210    00000004   00000004    r-- .const:ti_sysbios_family_arm_m3_Hwi_ccr__C
  00001214    00001214    00000004   00000004    r-- .const:ti_sysbios_family_arm_m3_Hwi_excHandlerFunc__C
  00001218    00001218    00000004   00000004    r-- .const:ti_sysbios_family_arm_m3_Hwi_nullIsrFunc__C
  0000121c    0000121c    00000004   00000004    r-- .const:ti_sysbios_family_arm_m3_Hwi_numSparseInterrupts__C
  00001220    00001220    00000004   00000004    r-- .const:ti_sysbios_family_arm_m3_Hwi_priGroup__C
  00001224    00001224    00000004   00000004    r-- .const:ti_sysbios_family_arm_m3_TaskSupport_stackAlignment__C
  00001228    00001228    00000004   00000004    r-- .const:ti_sysbios_heaps_HeapMem_E_memory__C
  0000122c    0000122c    00000004   00000004    r-- .const:ti_sysbios_heaps_HeapMem_Module__gateObj__C
  00001230    00001230    00000004   00000004    r-- .const:ti_sysbios_heaps_HeapMem_Object__count__C
  00001234    00001234    00000004   00000004    r-- .const:ti_sysbios_heaps_HeapMem_Object__table__C
  00001238    00001238    00000004   00000004    r-- .const:ti_sysbios_heaps_HeapMem_reqAlign__C
  0000123c    0000123c    00000004   00000004    r-- .const:ti_sysbios_knl_Clock_triggerClock__C
  00001240    00001240    00000004   00000004    r-- .const:ti_sysbios_knl_Mailbox_Object__count__C
  00001244    00001244    00000004   00000004    r-- .const:ti_sysbios_knl_Mailbox_Object__table__C
  00001248    00001248    00000004   00000004    r-- .const:ti_sysbios_knl_Mailbox_maxTypeAlign__C
  0000124c    0000124c    00000004   00000004    r-- .const:ti_sysbios_knl_Queue_Object__count__C
  00001250    00001250    00000004   00000004    r-- .const:ti_sysbios_knl_Queue_Object__table__C
  00001254    00001254    00000004   00000004    r-- .const:ti_sysbios_knl_Semaphore_eventPost__C
  00001258    00001258    00000004   00000004    r-- .const:ti_sysbios_knl_Semaphore_eventSync__C
  0000125c    0000125c    00000004   00000004    r-- .const:ti_sysbios_knl_Swi_Object__count__C
  00001260    00001260    00000004   00000004    r-- .const:ti_sysbios_knl_Swi_Object__table__C
  00001264    00001264    00000004   00000004    r-- .const:ti_sysbios_knl_Swi_numPriorities__C
  00001268    00001268    00000004   00000004    r-- .const:ti_sysbios_knl_Task_Object__count__C
  0000126c    0000126c    00000004   00000004    r-- .const:ti_sysbios_knl_Task_Object__table__C
  00001270    00001270    00000004   00000004    r-- .const:ti_sysbios_knl_Task_allBlockedFunc__C
  00001274    00001274    00000004   00000004    r-- .const:ti_sysbios_knl_Task_defaultStackHeap__C
  00001278    00001278    00000004   00000004    r-- .const:ti_sysbios_knl_Task_defaultStackSize__C
  0000127c    0000127c    00000004   00000004    r-- .const:ti_sysbios_knl_Task_numConstructedTasks__C
  00001280    00001280    00000002   00000002    r-- .const:ti_sysbios_family_arm_cc26xx_Timer_Module__id__C
  00001282    00001282    00000002   00000002    r-- .const:ti_sysbios_family_arm_cc26xx_TimestampProvider_useClockTimer__C
  00001284    00001284    00000002   00000002    r-- .const:ti_sysbios_family_arm_m3_Hwi_Module__id__C
  00001286    00001286    00000002   00000002    r-- .const:ti_sysbios_gates_GateHwi_Module__id__C
  00001288    00001288    00000002   00000002    r-- .const:ti_sysbios_gates_GateMutex_Module__id__C
  0000128a    0000128a    00000002   00000002    r-- .const:ti_sysbios_heaps_HeapMem_Module__id__C
  0000128c    0000128c    00000002   00000002    r-- .const:ti_sysbios_knl_Task_initStackFlag__C
  0000128e    0000128e    00000001   00000001    r-- .const:ti_sysbios_knl_Clock_tickMode__C
  00001290    00001290    00000008   00000008    r-- .const:xdc_runtime_Startup_firstFxns__C
  00001298    00001298    00000008   00000008    r-- .const:xdc_runtime_Startup_lastFxns__C
  000012a0    000012a0    00000004   00000004    r-- .const:xdc_runtime_Assert_E_assertFailed__C
  000012a4    000012a4    00000004   00000004    r-- .const:xdc_runtime_Error_E_memory__C
  000012a8    000012a8    00000004   00000004    r-- .const:xdc_runtime_Error_policyFxn__C
  000012ac    000012ac    00000004   00000004    r-- .const:xdc_runtime_Error_raiseHook__C
  000012b0    000012b0    00000004   00000004    r-- .const:xdc_runtime_IGateProvider_Interface__BASE__C
  000012b4    000012b4    00000004   00000004    r-- .const:xdc_runtime_IHeap_Interface__BASE__C
  000012b8    000012b8    00000004   00000004    r-- .const:xdc_runtime_IModule_Interface__BASE__C
  000012bc    000012bc    00000004   00000004    r-- .const:xdc_runtime_Memory_defaultHeapInstance__C
  000012c0    000012c0    00000004   00000004    r-- .const:xdc_runtime_Startup_execImpl__C
  000012c4    000012c4    00000004   00000004    r-- .const:xdc_runtime_Startup_maxPasses__C
  000012c8    000012c8    00000004   00000004    r-- .const:xdc_runtime_Startup_sfxnRts__C
  000012cc    000012cc    00000004   00000004    r-- .const:xdc_runtime_Startup_sfxnTab__C
  000012d0    000012d0    00000004   00000004    r-- .const:xdc_runtime_Startup_startModsFxn__C
  000012d4    000012d4    00000004   00000004    r-- .const:xdc_runtime_SysCallback_abortFxn__C
  000012d8    000012d8    00000004   00000004    r-- .const:xdc_runtime_SysCallback_exitFxn__C
  000012dc    000012dc    00000004   00000004    r-- .const:xdc_runtime_System_abortFxn__C
  000012e0    000012e0    00000004   00000004    r-- .const:xdc_runtime_System_exitFxn__C
  000012e4    000012e4    00000004   00000004    r-- .const:xdc_runtime_System_maxAtexitHandlers__C
  000012e8    000012e8    00000004   00000004    r-- .const:xdc_runtime_Text_charTab__C
  000012ec    000012ec    00000004   00000004    r-- .const:xdc_runtime_Text_nameEmpty__C
  000012f0    000012f0    00000004   00000004    r-- .const:xdc_runtime_Text_nameStatic__C
  000012f4    000012f4    00000004   00000004    r-- .const:xdc_runtime_Text_nameUnknown__C
  000012f8    000012f8    00000002   00000002    r-- .const:xdc_runtime_Error_maxDepth__C
  000012fa    000012fa    00000002   00000002    r-- .const:xdc_runtime_Memory_Module__id__C
  000012fc    000012fc    00000002   00000002    r-- .const:xdc_runtime_Text_charCnt__C
  000012fe    000012fe    00000002   00000002    r-- .const:xdc_runtime_Text_isLoaded__C
  00001300    00001300    00000001   00000001    r-- .const:xdc_runtime_Error_policy__C
  00001304    00001304    00000004   00000004    r-- .const:ti_sysbios_rom_ROM_ti_sysbios_family_arm_cc26xx_Timer_getCount64__E
  00001308    00001308    00000004   00000004    r-- .const:ti_sysbios_rom_ROM_ti_sysbios_family_arm_cc26xx_Timer_getCurrentTick__E
  0000130c    0000130c    00000004   00000004    r-- .const:ti_sysbios_rom_ROM_ti_sysbios_family_arm_cc26xx_Timer_getMaxTicks__E
  00001310    00001310    00000004   00000004    r-- .const:ti_sysbios_rom_ROM_ti_sysbios_family_arm_cc26xx_Timer_initDevice__I
  00001314    00001314    00000004   00000004    r-- .const:ti_sysbios_rom_ROM_ti_sysbios_family_arm_cc26xx_Timer_setNextTick__E
  00001318    00001318    00000004   00000004    r-- .const:ti_sysbios_rom_ROM_ti_sysbios_family_arm_cc26xx_Timer_setThreshold__I
  0000131c    0000131c    00000004   00000004    r-- .const:ti_sysbios_rom_ROM_ti_sysbios_family_arm_cc26xx_Timer_start__E
  00001320    00001320    00000004   00000004    r-- .const:ti_sysbios_rom_ROM_ti_sysbios_family_arm_cc26xx_TimestampProvider_get32__E
  00001324    00001324    00000004   00000004    r-- .const:ti_sysbios_rom_ROM_xdc_runtime_Startup_getState__I
  00001328    00001328    00000004   00000004    r-- .const:ti_sysbios_rom_ROM_xdc_runtime_System_SupportProxy_abort__E
  0000132c    0000132c    00000004   00000004    r-- .const:ti_sysbios_rom_ROM_xdc_runtime_System_SupportProxy_exit__E
  00001330    00001330    00016d64   00016d64    r-x .text.2
  00018094    00018094    000011b6   000011b6    r-- .const
  0001924c    0001924c    00000090   00000090    r-- .rodata
  000192e0    000192e0    0000051c   0000051c    r-- .cinit
0001e000    0001e000    00001000   00001000    r--
  0001e000    0001e000    00001000   00001000    r-- .TI.bound:NV_FLASH
0001ffa8    0001ffa8    00000058   00000058    r--
  0001ffa8    0001ffa8    00000058   00000058    r-- .ccfg
20000100    20000100    00002542   00000000    rw-
  20000100    20000100    00000044   00000000    rw- .data:ti_sysbios_knl_Task_Module__state__V
  20000144    20000144    00000034   00000000    rw- .data:ti_sysbios_family_arm_m3_Hwi_Module__state__V
  20000178    20000178    0000002c   00000000    rw- .data:ti_sysbios_knl_Clock_Module__state__V
  200001a4    200001a4    00000024   00000000    rw- .data:ti_sysbios_BIOS_Module__state__V
  200001c8    200001c8    0000001c   00000000    rw- .data:ti_sysbios_knl_Swi_Module__state__V
  200001e4    200001e4    00000008   00000000    rw- .data:ti_sysbios_family_arm_cc26xx_Timer_Module__state__V
  200001ec    200001ec    00000004   00000000    rw- .data:ti_sysbios_family_arm_cc26xx_TimestampProvider_Module__state__V
  200001f0    200001f0    00000008   00000000    rw- .data:xdc_runtime_Startup_Module__state__V
  200001f8    200001f8    00000008   00000000    rw- .data:xdc_runtime_System_Module__state__V
  20000200    20000200    00000004   00000000    rw- .data:xdc_runtime_Memory_Module__state__V
  20000204    20000204    00000002   00000000    rw- .data:xdc_runtime_Error_Module__state__V
  20000208    20000208    00000f3c   00000000    rw- .data
  20001148    20001148    000014fa   00000000    rw- .bss
20004000    20004000    00000400   00000000    rw-
  20004000    20004000    00000400   00000000    rw- .stack


SECTION ALLOCATION MAP

 output                                  attributes/
section   page    origin      length       input sections
--------  ----  ----------  ----------   ----------------
.const:ti_sysbios_heaps_HeapMem_Module__FXNS__C 
*          0    00001000    00000028     
                  00001000    00000028     app_ble_pem3.oem3 (.const:ti_sysbios_heaps_HeapMem_Module__FXNS__C)

.const:ti_sysbios_gates_GateHwi_Module__FXNS__C 
*          0    00001028    00000024     
                  00001028    00000024     app_ble_pem3.oem3 (.const:ti_sysbios_gates_GateHwi_Module__FXNS__C)

.const:ti_sysbios_gates_GateMutex_Module__FXNS__C 
*          0    0000104c    00000024     
                  0000104c    00000024     app_ble_pem3.oem3 (.const:ti_sysbios_gates_GateMutex_Module__FXNS__C)

.const:ti_sysbios_family_arm_m3_Hwi_Object__DESC__C 
*          0    00001070    00000020     
                  00001070    00000020     app_ble_pem3.oem3 (.const:ti_sysbios_family_arm_m3_Hwi_Object__DESC__C)

.const:ti_sysbios_gates_GateHwi_Object__DESC__C 
*          0    00001090    00000020     
                  00001090    00000020     app_ble_pem3.oem3 (.const:ti_sysbios_gates_GateHwi_Object__DESC__C)

.const:ti_sysbios_gates_GateMutex_Object__DESC__C 
*          0    000010b0    00000020     
                  000010b0    00000020     app_ble_pem3.oem3 (.const:ti_sysbios_gates_GateMutex_Object__DESC__C)

.const:ti_sysbios_hal_Hwi_Object__DESC__C 
*          0    000010d0    00000020     
                  000010d0    00000020     app_ble_pem3.oem3 (.const:ti_sysbios_hal_Hwi_Object__DESC__C)

.const:ti_sysbios_heaps_HeapMem_Object__DESC__C 
*          0    000010f0    00000020     
                  000010f0    00000020     app_ble_pem3.oem3 (.const:ti_sysbios_heaps_HeapMem_Object__DESC__C)

.const:ti_sysbios_knl_Clock_Object__DESC__C 
*          0    00001110    00000020     
                  00001110    00000020     app_ble_pem3.oem3 (.const:ti_sysbios_knl_Clock_Object__DESC__C)

.const:ti_sysbios_knl_Event_Object__DESC__C 
*          0    00001130    00000020     
                  00001130    00000020     app_ble_pem3.oem3 (.const:ti_sysbios_knl_Event_Object__DESC__C)

.const:ti_sysbios_knl_Mailbox_Object__DESC__C 
*          0    00001150    00000020     
                  00001150    00000020     app_ble_pem3.oem3 (.const:ti_sysbios_knl_Mailbox_Object__DESC__C)

.const:ti_sysbios_knl_Queue_Object__DESC__C 
*          0    00001170    00000020     
                  00001170    00000020     app_ble_pem3.oem3 (.const:ti_sysbios_knl_Queue_Object__DESC__C)

.const:ti_sysbios_knl_Semaphore_Object__DESC__C 
*          0    00001190    00000020     
                  00001190    00000020     app_ble_pem3.oem3 (.const:ti_sysbios_knl_Semaphore_Object__DESC__C)

.const:ti_sysbios_knl_Swi_Object__DESC__C 
*          0    000011b0    00000020     
                  000011b0    00000020     app_ble_pem3.oem3 (.const:ti_sysbios_knl_Swi_Object__DESC__C)

.const:ti_sysbios_knl_Task_Object__DESC__C 
*          0    000011d0    00000020     
                  000011d0    00000020     app_ble_pem3.oem3 (.const:ti_sysbios_knl_Task_Object__DESC__C)

.const:ti_sysbios_knl_Idle_funcList__C 
*          0    000011f0    00000008     
                  000011f0    00000008     app_ble_pem3.oem3 (.const:ti_sysbios_knl_Idle_funcList__C)

.const:ti_sysbios_family_arm_cc26xx_Timer_startupNeeded__C 
*          0    000011f8    00000004     
                  000011f8    00000004     app_ble_pem3.oem3 (.const:ti_sysbios_family_arm_cc26xx_Timer_startupNeeded__C)

.const:ti_sysbios_family_arm_m3_Hwi_E_alreadyDefined__C 
*          0    000011fc    00000004     
                  000011fc    00000004     app_ble_pem3.oem3 (.const:ti_sysbios_family_arm_m3_Hwi_E_alreadyDefined__C)

.const:ti_sysbios_family_arm_m3_Hwi_E_hwiLimitExceeded__C 
*          0    00001200    00000004     
                  00001200    00000004     app_ble_pem3.oem3 (.const:ti_sysbios_family_arm_m3_Hwi_E_hwiLimitExceeded__C)

.const:ti_sysbios_family_arm_m3_Hwi_NUM_INTERRUPTS__C 
*          0    00001204    00000004     
                  00001204    00000004     app_ble_pem3.oem3 (.const:ti_sysbios_family_arm_m3_Hwi_NUM_INTERRUPTS__C)

.const:ti_sysbios_family_arm_m3_Hwi_Object__count__C 
*          0    00001208    00000004     
                  00001208    00000004     app_ble_pem3.oem3 (.const:ti_sysbios_family_arm_m3_Hwi_Object__count__C)

.const:ti_sysbios_family_arm_m3_Hwi_Object__table__C 
*          0    0000120c    00000004     
                  0000120c    00000004     app_ble_pem3.oem3 (.const:ti_sysbios_family_arm_m3_Hwi_Object__table__C)

.const:ti_sysbios_family_arm_m3_Hwi_ccr__C 
*          0    00001210    00000004     
                  00001210    00000004     app_ble_pem3.oem3 (.const:ti_sysbios_family_arm_m3_Hwi_ccr__C)

.const:ti_sysbios_family_arm_m3_Hwi_excHandlerFunc__C 
*          0    00001214    00000004     
                  00001214    00000004     app_ble_pem3.oem3 (.const:ti_sysbios_family_arm_m3_Hwi_excHandlerFunc__C)

.const:ti_sysbios_family_arm_m3_Hwi_nullIsrFunc__C 
*          0    00001218    00000004     
                  00001218    00000004     app_ble_pem3.oem3 (.const:ti_sysbios_family_arm_m3_Hwi_nullIsrFunc__C)

.const:ti_sysbios_family_arm_m3_Hwi_numSparseInterrupts__C 
*          0    0000121c    00000004     
                  0000121c    00000004     app_ble_pem3.oem3 (.const:ti_sysbios_family_arm_m3_Hwi_numSparseInterrupts__C)

.const:ti_sysbios_family_arm_m3_Hwi_priGroup__C 
*          0    00001220    00000004     
                  00001220    00000004     app_ble_pem3.oem3 (.const:ti_sysbios_family_arm_m3_Hwi_priGroup__C)

.const:ti_sysbios_family_arm_m3_TaskSupport_stackAlignment__C 
*          0    00001224    00000004     
                  00001224    00000004     app_ble_pem3.oem3 (.const:ti_sysbios_family_arm_m3_TaskSupport_stackAlignment__C)

.const:ti_sysbios_heaps_HeapMem_E_memory__C 
*          0    00001228    00000004     
                  00001228    00000004     app_ble_pem3.oem3 (.const:ti_sysbios_heaps_HeapMem_E_memory__C)

.const:ti_sysbios_heaps_HeapMem_Module__gateObj__C 
*          0    0000122c    00000004     
                  0000122c    00000004     app_ble_pem3.oem3 (.const:ti_sysbios_heaps_HeapMem_Module__gateObj__C)

.const:ti_sysbios_heaps_HeapMem_Object__count__C 
*          0    00001230    00000004     
                  00001230    00000004     app_ble_pem3.oem3 (.const:ti_sysbios_heaps_HeapMem_Object__count__C)

.const:ti_sysbios_heaps_HeapMem_Object__table__C 
*          0    00001234    00000004     
                  00001234    00000004     app_ble_pem3.oem3 (.const:ti_sysbios_heaps_HeapMem_Object__table__C)

.const:ti_sysbios_heaps_HeapMem_reqAlign__C 
*          0    00001238    00000004     
                  00001238    00000004     app_ble_pem3.oem3 (.const:ti_sysbios_heaps_HeapMem_reqAlign__C)

.const:ti_sysbios_knl_Clock_triggerClock__C 
*          0    0000123c    00000004     
                  0000123c    00000004     app_ble_pem3.oem3 (.const:ti_sysbios_knl_Clock_triggerClock__C)

.const:ti_sysbios_knl_Mailbox_Object__count__C 
*          0    00001240    00000004     
                  00001240    00000004     app_ble_pem3.oem3 (.const:ti_sysbios_knl_Mailbox_Object__count__C)

.const:ti_sysbios_knl_Mailbox_Object__table__C 
*          0    00001244    00000004     
                  00001244    00000004     app_ble_pem3.oem3 (.const:ti_sysbios_knl_Mailbox_Object__table__C)

.const:ti_sysbios_knl_Mailbox_maxTypeAlign__C 
*          0    00001248    00000004     
                  00001248    00000004     app_ble_pem3.oem3 (.const:ti_sysbios_knl_Mailbox_maxTypeAlign__C)

.const:ti_sysbios_knl_Queue_Object__count__C 
*          0    0000124c    00000004     
                  0000124c    00000004     app_ble_pem3.oem3 (.const:ti_sysbios_knl_Queue_Object__count__C)

.const:ti_sysbios_knl_Queue_Object__table__C 
*          0    00001250    00000004     
                  00001250    00000004     app_ble_pem3.oem3 (.const:ti_sysbios_knl_Queue_Object__table__C)

.const:ti_sysbios_knl_Semaphore_eventPost__C 
*          0    00001254    00000004     
                  00001254    00000004     app_ble_pem3.oem3 (.const:ti_sysbios_knl_Semaphore_eventPost__C)

.const:ti_sysbios_knl_Semaphore_eventSync__C 
*          0    00001258    00000004     
                  00001258    00000004     app_ble_pem3.oem3 (.const:ti_sysbios_knl_Semaphore_eventSync__C)

.const:ti_sysbios_knl_Swi_Object__count__C 
*          0    0000125c    00000004     
                  0000125c    00000004     app_ble_pem3.oem3 (.const:ti_sysbios_knl_Swi_Object__count__C)

.const:ti_sysbios_knl_Swi_Object__table__C 
*          0    00001260    00000004     
                  00001260    00000004     app_ble_pem3.oem3 (.const:ti_sysbios_knl_Swi_Object__table__C)

.const:ti_sysbios_knl_Swi_numPriorities__C 
*          0    00001264    00000004     
                  00001264    00000004     app_ble_pem3.oem3 (.const:ti_sysbios_knl_Swi_numPriorities__C)

.const:ti_sysbios_knl_Task_Object__count__C 
*          0    00001268    00000004     
                  00001268    00000004     app_ble_pem3.oem3 (.const:ti_sysbios_knl_Task_Object__count__C)

.const:ti_sysbios_knl_Task_Object__table__C 
*          0    0000126c    00000004     
                  0000126c    00000004     app_ble_pem3.oem3 (.const:ti_sysbios_knl_Task_Object__table__C)

.const:ti_sysbios_knl_Task_allBlockedFunc__C 
*          0    00001270    00000004     
                  00001270    00000004     app_ble_pem3.oem3 (.const:ti_sysbios_knl_Task_allBlockedFunc__C)

.const:ti_sysbios_knl_Task_defaultStackHeap__C 
*          0    00001274    00000004     
                  00001274    00000004     app_ble_pem3.oem3 (.const:ti_sysbios_knl_Task_defaultStackHeap__C)

.const:ti_sysbios_knl_Task_defaultStackSize__C 
*          0    00001278    00000004     
                  00001278    00000004     app_ble_pem3.oem3 (.const:ti_sysbios_knl_Task_defaultStackSize__C)

.const:ti_sysbios_knl_Task_numConstructedTasks__C 
*          0    0000127c    00000004     
                  0000127c    00000004     app_ble_pem3.oem3 (.const:ti_sysbios_knl_Task_numConstructedTasks__C)

.const:ti_sysbios_family_arm_cc26xx_Timer_Module__id__C 
*          0    00001280    00000002     
                  00001280    00000002     app_ble_pem3.oem3 (.const:ti_sysbios_family_arm_cc26xx_Timer_Module__id__C)

.const:ti_sysbios_family_arm_cc26xx_TimestampProvider_useClockTimer__C 
*          0    00001282    00000002     
                  00001282    00000002     app_ble_pem3.oem3 (.const:ti_sysbios_family_arm_cc26xx_TimestampProvider_useClockTimer__C)

.const:ti_sysbios_family_arm_m3_Hwi_Module__id__C 
*          0    00001284    00000002     
                  00001284    00000002     app_ble_pem3.oem3 (.const:ti_sysbios_family_arm_m3_Hwi_Module__id__C)

.const:ti_sysbios_gates_GateHwi_Module__id__C 
*          0    00001286    00000002     
                  00001286    00000002     app_ble_pem3.oem3 (.const:ti_sysbios_gates_GateHwi_Module__id__C)

.const:ti_sysbios_gates_GateMutex_Module__id__C 
*          0    00001288    00000002     
                  00001288    00000002     app_ble_pem3.oem3 (.const:ti_sysbios_gates_GateMutex_Module__id__C)

.const:ti_sysbios_heaps_HeapMem_Module__id__C 
*          0    0000128a    00000002     
                  0000128a    00000002     app_ble_pem3.oem3 (.const:ti_sysbios_heaps_HeapMem_Module__id__C)

.const:ti_sysbios_knl_Task_initStackFlag__C 
*          0    0000128c    00000002     
                  0000128c    00000002     app_ble_pem3.oem3 (.const:ti_sysbios_knl_Task_initStackFlag__C)

.const:ti_sysbios_knl_Clock_tickMode__C 
*          0    0000128e    00000001     
                  0000128e    00000001     app_ble_pem3.oem3 (.const:ti_sysbios_knl_Clock_tickMode__C)

.const:xdc_runtime_Startup_firstFxns__C 
*          0    00001290    00000008     
                  00001290    00000008     app_ble_pem3.oem3 (.const:xdc_runtime_Startup_firstFxns__C)

.const:xdc_runtime_Startup_lastFxns__C 
*          0    00001298    00000008     
                  00001298    00000008     app_ble_pem3.oem3 (.const:xdc_runtime_Startup_lastFxns__C)

.const:xdc_runtime_Assert_E_assertFailed__C 
*          0    000012a0    00000004     
                  000012a0    00000004     app_ble_pem3.oem3 (.const:xdc_runtime_Assert_E_assertFailed__C)

.const:xdc_runtime_Error_E_memory__C 
*          0    000012a4    00000004     
                  000012a4    00000004     app_ble_pem3.oem3 (.const:xdc_runtime_Error_E_memory__C)

.const:xdc_runtime_Error_policyFxn__C 
*          0    000012a8    00000004     
                  000012a8    00000004     app_ble_pem3.oem3 (.const:xdc_runtime_Error_policyFxn__C)

.const:xdc_runtime_Error_raiseHook__C 
*          0    000012ac    00000004     
                  000012ac    00000004     app_ble_pem3.oem3 (.const:xdc_runtime_Error_raiseHook__C)

.const:xdc_runtime_IGateProvider_Interface__BASE__C 
*          0    000012b0    00000004     
                  000012b0    00000004     app_ble_pem3.oem3 (.const:xdc_runtime_IGateProvider_Interface__BASE__C)

.const:xdc_runtime_IHeap_Interface__BASE__C 
*          0    000012b4    00000004     
                  000012b4    00000004     app_ble_pem3.oem3 (.const:xdc_runtime_IHeap_Interface__BASE__C)

.const:xdc_runtime_IModule_Interface__BASE__C 
*          0    000012b8    00000004     
                  000012b8    00000004     app_ble_pem3.oem3 (.const:xdc_runtime_IModule_Interface__BASE__C)

.const:xdc_runtime_Memory_defaultHeapInstance__C 
*          0    000012bc    00000004     
                  000012bc    00000004     app_ble_pem3.oem3 (.const:xdc_runtime_Memory_defaultHeapInstance__C)

.const:xdc_runtime_Startup_execImpl__C 
*          0    000012c0    00000004     
                  000012c0    00000004     app_ble_pem3.oem3 (.const:xdc_runtime_Startup_execImpl__C)

.const:xdc_runtime_Startup_maxPasses__C 
*          0    000012c4    00000004     
                  000012c4    00000004     app_ble_pem3.oem3 (.const:xdc_runtime_Startup_maxPasses__C)

.const:xdc_runtime_Startup_sfxnRts__C 
*          0    000012c8    00000004     
                  000012c8    00000004     app_ble_pem3.oem3 (.const:xdc_runtime_Startup_sfxnRts__C)

.const:xdc_runtime_Startup_sfxnTab__C 
*          0    000012cc    00000004     
                  000012cc    00000004     app_ble_pem3.oem3 (.const:xdc_runtime_Startup_sfxnTab__C)

.const:xdc_runtime_Startup_startModsFxn__C 
*          0    000012d0    00000004     
                  000012d0    00000004     app_ble_pem3.oem3 (.const:xdc_runtime_Startup_startModsFxn__C)

.const:xdc_runtime_SysCallback_abortFxn__C 
*          0    000012d4    00000004     
                  000012d4    00000004     app_ble_pem3.oem3 (.const:xdc_runtime_SysCallback_abortFxn__C)

.const:xdc_runtime_SysCallback_exitFxn__C 
*          0    000012d8    00000004     
                  000012d8    00000004     app_ble_pem3.oem3 (.const:xdc_runtime_SysCallback_exitFxn__C)

.const:xdc_runtime_System_abortFxn__C 
*          0    000012dc    00000004     
                  000012dc    00000004     app_ble_pem3.oem3 (.const:xdc_runtime_System_abortFxn__C)

.const:xdc_runtime_System_exitFxn__C 
*          0    000012e0    00000004     
                  000012e0    00000004     app_ble_pem3.oem3 (.const:xdc_runtime_System_exitFxn__C)

.const:xdc_runtime_System_maxAtexitHandlers__C 
*          0    000012e4    00000004     
                  000012e4    00000004     app_ble_pem3.oem3 (.const:xdc_runtime_System_maxAtexitHandlers__C)

.const:xdc_runtime_Text_charTab__C 
*          0    000012e8    00000004     
                  000012e8    00000004     app_ble_pem3.oem3 (.const:xdc_runtime_Text_charTab__C)

.const:xdc_runtime_Text_nameEmpty__C 
*          0    000012ec    00000004     
                  000012ec    00000004     app_ble_pem3.oem3 (.const:xdc_runtime_Text_nameEmpty__C)

.const:xdc_runtime_Text_nameStatic__C 
*          0    000012f0    00000004     
                  000012f0    00000004     app_ble_pem3.oem3 (.const:xdc_runtime_Text_nameStatic__C)

.const:xdc_runtime_Text_nameUnknown__C 
*          0    000012f4    00000004     
                  000012f4    00000004     app_ble_pem3.oem3 (.const:xdc_runtime_Text_nameUnknown__C)

.const:xdc_runtime_Error_maxDepth__C 
*          0    000012f8    00000002     
                  000012f8    00000002     app_ble_pem3.oem3 (.const:xdc_runtime_Error_maxDepth__C)

.const:xdc_runtime_Memory_Module__id__C 
*          0    000012fa    00000002     
                  000012fa    00000002     app_ble_pem3.oem3 (.const:xdc_runtime_Memory_Module__id__C)

.const:xdc_runtime_Text_charCnt__C 
*          0    000012fc    00000002     
                  000012fc    00000002     app_ble_pem3.oem3 (.const:xdc_runtime_Text_charCnt__C)

.const:xdc_runtime_Text_isLoaded__C 
*          0    000012fe    00000002     
                  000012fe    00000002     app_ble_pem3.oem3 (.const:xdc_runtime_Text_isLoaded__C)

.const:xdc_runtime_Error_policy__C 
*          0    00001300    00000001     
                  00001300    00000001     app_ble_pem3.oem3 (.const:xdc_runtime_Error_policy__C)

.const:ti_sysbios_rom_ROM_ti_sysbios_family_arm_cc26xx_Timer_getCount64__E 
*          0    00001304    00000004     
                  00001304    00000004     app_ble_pem3.oem3 (.const:ti_sysbios_rom_ROM_ti_sysbios_family_arm_cc26xx_Timer_getCount64__E)

.const:ti_sysbios_rom_ROM_ti_sysbios_family_arm_cc26xx_Timer_getCurrentTick__E 
*          0    00001308    00000004     
                  00001308    00000004     app_ble_pem3.oem3 (.const:ti_sysbios_rom_ROM_ti_sysbios_family_arm_cc26xx_Timer_getCurrentTick__E)

.const:ti_sysbios_rom_ROM_ti_sysbios_family_arm_cc26xx_Timer_getMaxTicks__E 
*          0    0000130c    00000004     
                  0000130c    00000004     app_ble_pem3.oem3 (.const:ti_sysbios_rom_ROM_ti_sysbios_family_arm_cc26xx_Timer_getMaxTicks__E)

.const:ti_sysbios_rom_ROM_ti_sysbios_family_arm_cc26xx_Timer_initDevice__I 
*          0    00001310    00000004     
                  00001310    00000004     app_ble_pem3.oem3 (.const:ti_sysbios_rom_ROM_ti_sysbios_family_arm_cc26xx_Timer_initDevice__I)

.const:ti_sysbios_rom_ROM_ti_sysbios_family_arm_cc26xx_Timer_setNextTick__E 
*          0    00001314    00000004     
                  00001314    00000004     app_ble_pem3.oem3 (.const:ti_sysbios_rom_ROM_ti_sysbios_family_arm_cc26xx_Timer_setNextTick__E)

.const:ti_sysbios_rom_ROM_ti_sysbios_family_arm_cc26xx_Timer_setThreshold__I 
*          0    00001318    00000004     
                  00001318    00000004     app_ble_pem3.oem3 (.const:ti_sysbios_rom_ROM_ti_sysbios_family_arm_cc26xx_Timer_setThreshold__I)

.const:ti_sysbios_rom_ROM_ti_sysbios_family_arm_cc26xx_Timer_start__E 
*          0    0000131c    00000004     
                  0000131c    00000004     app_ble_pem3.oem3 (.const:ti_sysbios_rom_ROM_ti_sysbios_family_arm_cc26xx_Timer_start__E)

.const:ti_sysbios_rom_ROM_ti_sysbios_family_arm_cc26xx_TimestampProvider_get32__E 
*          0    00001320    00000004     
                  00001320    00000004     app_ble_pem3.oem3 (.const:ti_sysbios_rom_ROM_ti_sysbios_family_arm_cc26xx_TimestampProvider_get32__E)

.const:ti_sysbios_rom_ROM_xdc_runtime_Startup_getState__I 
*          0    00001324    00000004     
                  00001324    00000004     app_ble_pem3.oem3 (.const:ti_sysbios_rom_ROM_xdc_runtime_Startup_getState__I)

.const:ti_sysbios_rom_ROM_xdc_runtime_System_SupportProxy_abort__E 
*          0    00001328    00000004     
                  00001328    00000004     app_ble_pem3.oem3 (.const:ti_sysbios_rom_ROM_xdc_runtime_System_SupportProxy_abort__E)

.const:ti_sysbios_rom_ROM_xdc_runtime_System_SupportProxy_exit__E 
*          0    0000132c    00000004     
                  0000132c    00000004     app_ble_pem3.oem3 (.const:ti_sysbios_rom_ROM_xdc_runtime_System_SupportProxy_exit__E)

.TI.bound:NV_FLASH 
*          0    0001e000    00001000     
                  0001e000    00001000     ble5_simple_peripheral_cc2640r2lp_stack_library.lib : osal_snv_wrapper.obj (.TI.bound:NV_FLASH)

.data:ti_sysbios_knl_Task_Module__state__V 
*          0    20000100    00000044     UNINITIALIZED
                  20000100    00000044     app_ble_pem3.oem3 (.data:ti_sysbios_knl_Task_Module__state__V)

.data:ti_sysbios_family_arm_m3_Hwi_Module__state__V 
*          0    20000144    00000034     UNINITIALIZED
                  20000144    00000034     app_ble_pem3.oem3 (.data:ti_sysbios_family_arm_m3_Hwi_Module__state__V)

.data:ti_sysbios_knl_Clock_Module__state__V 
*          0    20000178    0000002c     UNINITIALIZED
                  20000178    0000002c     app_ble_pem3.oem3 (.data:ti_sysbios_knl_Clock_Module__state__V)

.data:ti_sysbios_BIOS_Module__state__V 
*          0    200001a4    00000024     UNINITIALIZED
                  200001a4    00000024     app_ble_pem3.oem3 (.data:ti_sysbios_BIOS_Module__state__V)

.data:ti_sysbios_knl_Swi_Module__state__V 
*          0    200001c8    0000001c     UNINITIALIZED
                  200001c8    0000001c     app_ble_pem3.oem3 (.data:ti_sysbios_knl_Swi_Module__state__V)

.data:ti_sysbios_family_arm_cc26xx_Timer_Module__state__V 
*          0    200001e4    00000008     UNINITIALIZED
                  200001e4    00000008     app_ble_pem3.oem3 (.data:ti_sysbios_family_arm_cc26xx_Timer_Module__state__V)

.data:ti_sysbios_family_arm_cc26xx_TimestampProvider_Module__state__V 
*          0    200001ec    00000004     UNINITIALIZED
                  200001ec    00000004     app_ble_pem3.oem3 (.data:ti_sysbios_family_arm_cc26xx_TimestampProvider_Module__state__V)

.data:xdc_runtime_Startup_Module__state__V 
*          0    200001f0    00000008     UNINITIALIZED
                  200001f0    00000008     app_ble_pem3.oem3 (.data:xdc_runtime_Startup_Module__state__V)

.data:xdc_runtime_System_Module__state__V 
*          0    200001f8    00000008     UNINITIALIZED
                  200001f8    00000008     app_ble_pem3.oem3 (.data:xdc_runtime_System_Module__state__V)

.data:xdc_runtime_Memory_Module__state__V 
*          0    20000200    00000004     UNINITIALIZED
                  20000200    00000004     app_ble_pem3.oem3 (.data:xdc_runtime_Memory_Module__state__V)

.data:xdc_runtime_Error_Module__state__V 
*          0    20000204    00000002     UNINITIALIZED
                  20000204    00000002     app_ble_pem3.oem3 (.data:xdc_runtime_Error_Module__state__V)

.bootVecs 
*          0    00000000    00000008     DSECT
                  00000000    00000008     boot.aem3 : boot.oem3 (.bootVecs)

.resetVecs 
*          0    00000000    0000003c     
                  00000000    0000003c     app_ble_pem3.oem3 (.resetVecs)

.vecs      0    20000000    000000c8     NOLOAD SECTION
                  20000000    000000c8     app_ble_pem3.oem3 (.vecs)

xdc.meta   0    00000000    0000010d     COPY SECTION
                  00000000    0000010d     app_ble_pem3.oem3 (xdc.meta)

xdc.noload 
*          0    00000000    00000000     COPY SECTION

.cinit     0    000192e0    0000051c     
                  000192e0    000003d9     (.cinit..data.load) [load image, compression = lzss]
                  000196b9    00000029     (.cinit..data:ti_sysbios_family_arm_m3_Hwi_Module__state__V.load) [load image, compression = lzss]
                  000196e2    00000021     (.cinit..data:ti_sysbios_knl_Task_Module__state__V.load) [load image, compression = lzss]
                  00019703    0000001f     (.cinit..data:ti_sysbios_BIOS_Module__state__V.load) [load image, compression = lzss]
                  00019722    0000001e     (.cinit..data:ti_sysbios_knl_Clock_Module__state__V.load) [load image, compression = lzss]
                  00019740    00000010     (.cinit..data:ti_sysbios_knl_Swi_Module__state__V.load) [load image, compression = lzss]
                  00019750    0000000c     (__TI_handler_table)
                  0001975c    0000000b     (.cinit..data:ti_sysbios_family_arm_cc26xx_Timer_Module__state__V.load) [load image, compression = lzss]
                  00019767    00000001     --HOLE-- [fill = 0]
                  00019768    00000008     (.cinit..bss.load) [load image, compression = zero_init]
                  00019770    00000008     (.cinit..data:xdc_runtime_Memory_Module__state__V.load) [load image, compression = lzss]
                  00019778    00000007     (.cinit..data:ti_sysbios_family_arm_cc26xx_TimestampProvider_Module__state__V.load) [load image, compression = lzss]
                  0001977f    00000007     (.cinit..data:xdc_runtime_Startup_Module__state__V.load) [load image, compression = lzss]
                  00019786    00000007     (.cinit..data:xdc_runtime_System_Module__state__V.load) [load image, compression = lzss]
                  0001978d    00000006     (.cinit..data:xdc_runtime_Error_Module__state__V.load) [load image, compression = lzss]
                  00019793    00000001     --HOLE-- [fill = 0]
                  00019794    00000068     (__TI_cinit_table)

.init_array 
*          0    00000000    00000000     UNINITIALIZED

.ccfg      0    0001ffa8    00000058     
                  0001ffa8    00000058     ccfg_app_ble.obj (.ccfg:retain)

.data      0    20000208    00000f3c     UNINITIALIZED
                  20000208    00000238     rf_singleMode_cc26x0r2.aem3 : RFCC26XX_singleMode.oem3 (.data:$O1$$)
                  20000440    00000180     ble5_simple_peripheral_cc2640r2lp_stack_library.lib : gapbondmgr.obj (.data:$O1$$)
                  200005c0    00000130     devinfoservice.obj (.data:devInfoAttrTbl)
                  200006f0    00000114     drivers_cc26x0r2.aem3 : PowerCC26XX.oem3 (.data:PowerCC26XX_module)
                  20000804    000000f8     simple_gatt_profile.obj (.data:simpleProfileChar4)
                  200008fc    000000e0     simple_gatt_profile.obj (.data:simpleProfileAttrTbl)
                  200009dc    00000090     cc26xx_profiles_pxxx.a : gapgattserver.o (.data)
                  20000a6c    0000007c     ble5_simple_peripheral_cc2640r2lp_stack_library.lib : osal_cbtimer.obj (.data:$O1$$)
                  20000ae8    00000050     GUA_Profile.obj (.data:GUAProfileAttrTbl)
                  20000b38    0000004c     app_ble_pem3.oem3 (.data:ti_sysbios_knl_Task_Object__table__V)
                  20000b84    00000004     ble5_simple_peripheral_cc2640r2lp_stack_library.lib : osal_pwrmgr.obj (.data:$O1$$)
                  20000b88    00000048     app_ble_pem3.oem3 (.data:ti_sysbios_family_arm_cc26xx_Timer_Object__table__V)
                  20000bd0    0000003c     cc2640_ll_pxxx.a : ll_config.o (.data)
                  20000c0c    00000038     app_ble_pem3.oem3 (.data:ti_sysbios_gates_GateMutex_Object__table__V)
                  20000c44    00000030     app_ble_pem3.oem3 (.data:ti_sysbios_knl_Swi_Module_State_0_readyQ__A)
                  20000c74    00000030     app_ble_pem3.oem3 (.data:ti_sysbios_knl_Swi_Object__table__V)
                  20000ca4    00000030     app_ble_pem3.oem3 (.data:ti_sysbios_knl_Task_Module_State_0_readyQ__A)
                  20000cd4    00000029     simple_peripheral.obj (.data)
                  20000cfd    00000003     simple_peripheral.obj (.data:phy$2)
                  20000d00    00000028     ble5_simple_peripheral_cc2640r2lp_stack_library.lib : osal.obj (.data:$O1$$)
                  20000d28    00000024     cc26xx_profiles_pxxx.a : gapgattserver.o (.data)
                  20000d4c    00000024     simple_peripheral_menu.obj (.data:sbpMenuMain)
                  20000d70    00000020     drivers_cc26x0r2.aem3 : ADCCC26XX.oem3 (.data:$O1$$)
                  20000d90    00000020     app_ble_pem3.oem3 (.data:ti_sysbios_knl_Clock_Object__table__V)
                  20000db0    00000020     app_ble_pem3.oem3 (.data:xdc_runtime_Error_IgnoreBlock)
                  20000dd0    0000001f     peripheral.obj (.data:gapRole_AdvertData)
                  20000def    0000001f     peripheral.obj (.data:gapRole_ScanRspData)
                  20000e0e    0000001e     simple_peripheral.obj (.data:scanRspData)
                  20000e2c    0000001c     icall.obj (.data)
                  20000e48    0000001c     peripheral.obj (.data)
                  20000e64    00000018     app_ble_pem3.oem3 (.data:ti_sysbios_family_arm_m3_Hwi_Object__table__V)
                  20000e7c    00000015     simple_peripheral.obj (.data:attDeviceName)
                  20000e91    00000015     devinfoservice.obj (.data:devInfoFirmwareRev)
                  20000ea6    00000015     devinfoservice.obj (.data:devInfoHardwareRev)
                  20000ebb    00000015     devinfoservice.obj (.data:devInfoMfrName)
                  20000ed0    00000015     devinfoservice.obj (.data:devInfoModelNumber)
                  20000ee5    00000015     devinfoservice.obj (.data:devInfoSerialNumber)
                  20000efa    00000015     devinfoservice.obj (.data:devInfoSoftwareRev)
                  20000f0f    00000001     ECCROMCC26XX.obj (.data)
                  20000f10    00000014     GUA_Led.obj (.data:bGUA_LedPinsCfg)
                  20000f24    00000011     simple_gatt_profile.obj (.data:simpleProfileChar1UserDesp)
                  20000f35    00000011     simple_gatt_profile.obj (.data:simpleProfileChar2UserDesp)
                  20000f46    00000011     simple_gatt_profile.obj (.data:simpleProfileChar3UserDesp)
                  20000f57    00000001     GUA_Profile.obj (.data:GUAProfile_Char1)
                  20000f58    00000010     icall_user_config.obj (.data:bleAppServiceInfoTable)
                  20000f68    00000010     cc2640_ll_pxxx.a : ll.o (.data)
                  20000f78    00000010     cc26xx_profiles_pxxx.a : gattservapp.o (.data)
                  20000f88    00000010     icall_api_lite.obj (.data)
                  20000f98    00000010     ble_user_config.obj (.data:rfRegTblCoded)
                  20000fa8    00000010     main.obj (.data:user0Cfg)
                  20000fb8    0000000e     devinfoservice.obj (.data:defaultDevInfo11073Cert)
                  20000fc6    00000002     cc26xx_sm_pxxx.a : sm_mgr.o (.data)
                  20000fc8    0000000e     devinfoservice.obj (.data)
                  20000fd6    00000002     app_ble_pem3.oem3 (.data:ti_sysbios_family_arm_m3_Hwi_Module_State_0_excActive__A)
                  20000fd8    0000000c     cc2640_ll_pxxx.a : ll_common.o (.data)
                  20000fe4    0000000c     ble_user_config.obj (.data:rfRegTbl)
                  20000ff0    0000000c     app_ble_pem3.oem3 (.data:ti_sysbios_heaps_HeapCallback_Object__table__V)
                  20000ffc    0000000b     simple_gatt_profile.obj (.data)
                  20001007    0000000a     GUA_Profile.obj (.data:GUAProfile_Char1_UserDesp)
                  20001011    00000001     TRNGCC26XX.obj (.data)
                  20001012    0000000a     peripheral.obj (.data:gapRole_updateConnParams)
                  2000101c    00000008     ble5_simple_peripheral_cc2640r2lp_stack_library.lib : hal_assert.obj (.data:$O1$$)
                  20001024    00000008                                                         : osal_clock.obj (.data:$O1$$)
                  2000102c    00000008     rtsv7M3_T_le_eabi.lib : _lock.c.obj (.data:$O1$$)
                  20001034    00000008     cc2640_ll_pxxx.a : ll_data.o (.data)
                  2000103c    00000008     cc26xx_profiles_pxxx.a : gapgattserver.o (.data)
                  20001044    00000008     devinfoservice.obj (.data:devInfoSystemId)
                  2000104c    00000008     icall_cc2650.obj (.data)
                  20001054    00000008     ble_user_config.obj (.data:rfRegTbl1M)
                  2000105c    00000008     ble_user_config.obj (.data:rfRegTbl2M)
                  20001064    00000008     simple_peripheral.obj (.data:simpleBLEPeripheral_BondMgrCBs)
                  2000106c    00000008     app_ble_pem3.oem3 (.data:ti_sysbios_family_arm_m3_Hwi_Module__root__V)
                  20001074    00000008     app_ble_pem3.oem3 (.data:ti_sysbios_gates_GateHwi_Module__root__V)
                  2000107c    00000008     app_ble_pem3.oem3 (.data:ti_sysbios_gates_GateMutex_Module__root__V)
                  20001084    00000008     app_ble_pem3.oem3 (.data:ti_sysbios_hal_Hwi_Module__root__V)
                  2000108c    00000008     app_ble_pem3.oem3 (.data:ti_sysbios_heaps_HeapCallback_Module__root__V)
                  20001094    00000008     app_ble_pem3.oem3 (.data:ti_sysbios_heaps_HeapMem_Module__root__V)
                  2000109c    00000008     app_ble_pem3.oem3 (.data:ti_sysbios_knl_Clock_Module__root__V)
                  200010a4    00000008     app_ble_pem3.oem3 (.data:ti_sysbios_knl_Event_Module__root__V)
                  200010ac    00000008     app_ble_pem3.oem3 (.data:ti_sysbios_knl_Mailbox_Module__root__V)
                  200010b4    00000008     app_ble_pem3.oem3 (.data:ti_sysbios_knl_Queue_Module__root__V)
                  200010bc    00000008     app_ble_pem3.oem3 (.data:ti_sysbios_knl_Semaphore_Module__root__V)
                  200010c4    00000008     app_ble_pem3.oem3 (.data:ti_sysbios_knl_Swi_Module__root__V)
                  200010cc    00000008     app_ble_pem3.oem3 (.data:ti_sysbios_knl_Task_Module__root__V)
                  200010d4    00000008     app_ble_pem3.oem3 (.data:xdc_runtime_Registry_Module__state__V)
                  200010dc    00000007     simple_peripheral.obj (.data:advertData)
                  200010e3    00000007     devinfoservice.obj (.data:devInfoPnpId)
                  200010ea    00000006     peripheral.obj (.data:gapRole_AdvDirectAddr)
                  200010f0    00000006     peripheral.obj (.data:gapRole_ConnectedDevAddr)
                  200010f6    00000001     ble5_simple_peripheral_cc2640r2lp_stack_library.lib : npi.obj (.data)
                  200010f7    00000001     cc26xx_gatt_pxxx.a : gatt_client.o (.data)
                  200010f8    00000005     GUA_Profile.obj (.data)
                  200010fd    00000001     cc26xx_profiles_pxxx.a : gapgattserver.o (.data)
                  200010fe    00000001                            : gapgattserver.o (.data)
                  200010ff    00000001                            : gapgattserver.o (.data)
                  20001100    00000005     two_btn_menu.obj (.data)
                  20001105    00000001     cc26xx_profiles_pxxx.a : gapgattserver.o (.data)
                  20001106    00000001     drivers_cc26x0r2.aem3 : UART.oem3 (.data)
                  20001107    00000001     --HOLE--
                  20001108    00000004     ble5_simple_peripheral_cc2640r2lp_stack_library.lib : osal_snv_wrapper.obj (.data:$O1$$)
                  2000110c    00000004     simple_peripheral.obj (.data:ADC_choose)
                  20001110    00000004     GUA_Led.obj (.data)
                  20001114    00000004     icall.obj (.data:ICall_initParams)
                  20001118    00000004     simple_peripheral.obj (.data:SimpleBLEPeripheral_gapRoleCBs)
                  2000111c    00000004     simple_peripheral.obj (.data:SimpleBLEPeripheral_simpleProfileCBs)
                  20001120    00000004     ble5_simple_peripheral_cc2640r2lp_stack_library.lib : ble_user_config.obj (.data)
                  20001124    00000004                                                         : osal_bufmgr.obj (.data)
                  20001128    00000004     ble_user_config.obj (.data)
                  2000112c    00000004     board_key.obj (.data)
                  20001130    00000004     board_key.obj (.data:keyPinsCfg)
                  20001134    00000004     rtsv7M3_T_le_eabi.lib : stkdepth_vars.c.obj (.data)
                  20001138    00000004     app_ble_pem3.oem3 (.data:ti_sysbios_family_arm_m3_Hwi_Module_State_0_excContext__A)
                  2000113c    00000004     app_ble_pem3.oem3 (.data:ti_sysbios_family_arm_m3_Hwi_Module_State_0_excStack__A)
                  20001140    00000004     app_ble_pem3.oem3 (.data:ti_sysbios_knl_Task_Module_State_0_idleTask__A)

.bss       0    20001148    000014fa     UNINITIALIZED
                  20001148    00000400     (.common:sbpTaskStack)
                  20001548    00000278     cc2640_ll_pxxx.a : ll_privacy.o (.bss)
                  200017c0    00000200     app_ble_pem3.oem3 (.bss:taskStackSection)
                  200019c0    000001e0     (.common:gapRoleTaskStack)
                  20001ba0    0000012c     (.common:uartCC26XXObjects)
                  20001ccc    00000120     (.common:gptimerCC26XXObjects)
                  20001dec    00000110     drivers_cc26x0r2.aem3 : PINCC26XX.oem3 (.bss:$O1$$)
                  20001efc    000000f8     (.common:sampleBufferOne)
                  20001ff4    000000c8     (.common:ti_sysbios_family_arm_m3_Hwi_dispatchTable)
                  200020bc    0000008c     (.common:stGUA_AdcCC26xxObjects)
                  20002148    00000080     board.obj (.bss:uartStringBuf)
                  200021c8    00000080     (.common:cryptoCC26XXObjects)
                  20002248    00000050     (.common:gapRoleTask)
                  20002298    00000050     (.common:sbpTask)
                  200022e8    00000048     icall.obj (.bss:ICall_entities)
                  20002330    00000038     cc2640_ll_pxxx.a : ble.o (.bss)
                  20002368    00000038     GUA_Adc.obj (.bss:sstGUA_ADC_Params)
                  200023a0    00000024     icall.obj (.bss:ICall_tasks)
                  200023c4    00000024     cc2640_ll_pxxx.a : ll.o (.bss)
                  200023e8    00000024     board_key.obj (.bss:keyChangeClock)
                  2000240c    00000024     simple_peripheral.obj (.bss:periodicClock)
                  20002430    00000024     peripheral.obj (.bss:startAdvClock)
                  20002454    00000024     peripheral.obj (.bss:startUpdateClock)
                  20002478    00000024     peripheral.obj (.bss:updateTimeoutClock)
                  2000249c    0000001c     drivers_cc26x0r2.aem3 : CryptoCC26XX.oem3 (.bss:CryptoSem)
                  200024b8    0000001c     cc2640_ll_pxxx.a : ble.o (.bss)
                  200024d4    0000001c     GUA_Adc.obj (.bss:sstGUA_ADC_Handle)
                  200024f0    00000014     cc2640_ll_pxxx.a : ll.o (.bss)
                  20002504    00000014     driverlib.lib : osc.obj (.bss:oscHfGlobals)
                  20002518    00000014     peripheral.obj (.bss)
                  2000252c    00000010     peripheral.obj (.bss:gapRole_IRK)
                  2000253c    00000010     peripheral.obj (.bss:gapRole_SRK)
                  2000254c    00000010     util.obj (.bss:str$1)
                  2000255c    0000000c     ble5_simple_peripheral_cc2640r2lp_stack_library.lib : osal_timers.obj (.bss:$O1$$)
                  20002568    0000000c     simple_peripheral.obj (.bss:appMsg)
                  20002574    0000000c     cc2640_ll_pxxx.a : ll_scheduler.o (.bss)
                  20002580    0000000c     icall.obj (.bss)
                  2000258c    0000000c     GUA_Led.obj (.bss:sGUA_LedPins)
                  20002598    0000000c     simple_peripheral.obj (.bss)
                  200025a4    0000000c     (.common:displayUartObject)
                  200025b0    0000000c     (.common:keyPins)
                  200025bc    00000008     dpl_cc26x0r2.aem3 : PowerCC26XX_tirtos.oem3 (.bss:$O1$$)
                  200025c4    00000008     peripheral.obj (.bss:gapRole_bdAddr)
                  200025cc    00000008     driverlib.lib : sys_ctrl.obj (.bss:powerQualGlobals)
                  200025d4    00000008     rf_singleMode_cc26x0r2.aem3 : RFCC26XX_singleMode.oem3 (.bss)
                  200025dc    00000008     simple_gatt_profile.obj (.bss)
                  200025e4    00000008     two_btn_menu.obj (.bss)
                  200025ec    00000004     ECCROMCC26XX.obj (.bss)
                  200025f0    00000004     GUA_Profile.obj (.bss)
                  200025f4    00000004     cc2640_ll_pxxx.a : ble.o (.bss)
                  200025f8    00000004                      : ble.o (.bss)
                  200025fc    00000004                      : ll.o (.bss)
                  20002600    00000004                      : ll.o (.bss)
                  20002604    00000004     cc26xx_att_pxxx.a : att_client.o (.bss)
                  20002608    00000004     cc26xx_gatt_pxxx.a : gatt_client.o (.bss)
                  2000260c    00000004     (.common:ClockP_tickPeriod)
                  20002610    00000004     (.common:HEAPMGR_SIZE)
                  20002614    00000004     (.common:curTemp)
                  20002618    00000004     (.common:hKeyPins)
                  2000261c    00000004     (.common:hTimer)
                  20002620    00000004     (.common:hTimer2)
                  20002624    00000004     (.common:tasksEvents)
                  20002628    00000004     (.common:trngCC26XXObjects)
                  2000262c    00000002     cc2640_ll_pxxx.a : ll.o (.bss)
                  2000262e    00000002                      : ll.o (.bss)
                  20002630    00000002                      : ll_slave_end_causes.o (.bss)
                  20002632    00000002     drivers_cc26x0r2.aem3 : UARTCC26XX.oem3 (.bss)
                  20002634    00000001     board_key.obj (.bss)
                  20002635    00000001     cc2640_ll_pxxx.a : ll.o (.bss)
                  20002636    00000001                      : ll.o (.bss)
                  20002637    00000001     cc26xx_hci_tl_none.a : hci_tl.o (.bss)
                  20002638    00000001                          : hci_tl.o (.bss)
                  20002639    00000001                          : hci_tl.o (.bss)
                  2000263a    00000001                          : hci_tl.o (.bss)
                  2000263b    00000001                          : hci_tl.o (.bss)
                  2000263c    00000001     (.common:driverlib_release_0_48919)
                  2000263d    00000001     (.common:flag)
                  2000263e    00000001     (.common:g_hwiInt)
                  2000263f    00000001     (.common:icall_liteTaskId)
                  20002640    00000001     (.common:osal_entity)
                  20002641    00000001     (.common:tbmRowItemLast)

.vtable    0    20002642    00000000     UNINITIALIZED

.vtable_ram 
*          0    20002642    00000000     UNINITIALIZED

vtable_ram 
*          0    20002642    00000000     UNINITIALIZED

.sysmem    0    20002642    00000000     UNINITIALIZED

.nonretenvar 
*          0    20002642    00000000     UNINITIALIZED

.stack     0    20004000    00000400     UNINITIALIZED
                  20004000    00000400     --HOLE--

.text.1    0    0000003c    00000fc4     
                  0000003c    00000f48     cc2640_ll_pxxx.a : ll.o (.text)
                  00000f84    00000008     ble_r2.symbols (.tramp.LL_ENC_GenerateTrueRandNum.1)
                  00000f8c    00000008     ble_r2.symbols (.tramp.LL_PRIV_GenerateRSA.1)
                  00000f94    00000008     ble_r2.symbols (.tramp.LL_ENC_Init.1)
                  00000f9c    00000064     icall.obj (.text:ICall_searchTask)

.text.2    0    00001330    00016d64     
                  00001330    00000790     cc2640_ll_pxxx.a : ble.o (.text)
                  00001ac0    00000578     peripheral.obj (.text:GAPRole_SetParameter)
                  00002038    0000054c     cc2640_ll_pxxx.a : ll_adv_end_causes.o (.text)
                  00002584    00000548     peripheral.obj (.text:gapRole_processGAPMsg)
                  00002acc    000004ec     cc2640_ll_pxxx.a : ll_slave_end_causes.o (.text)
                  00002fb8    00000458                      : ll_slave_end_causes.o (.text)
                  00003410    00000418     simple_peripheral.obj (.text:SimpleBLEPeripheral_init)
                  00003828    0000032c     rf_singleMode_cc26x0r2.aem3 : RFCC26XX_singleMode.oem3 (.text:fsmActiveState)
                  00003b54    00000320     rom_sysbios.aem3 : rom_sysbios.obj (.text:xdc_runtime_System_doPrint__I)
                  00003e74    00000314     drivers_cc26x0r2.aem3 : PowerCC26XX_calibrateRCOSC.oem3 (.text:PowerCC26XX_auxISR)
                  00004188    0000030c     cc2640_ll_pxxx.a : ll.o (.text)
                  00004494    00000300                      : ll_scheduler.o (.text)
                  00004794    000002ac     simple_peripheral.obj (.text:SimpleBLEPeripheral_processStateChangeEvt)
                  00004a40    000002a8     ble5_simple_peripheral_cc2640r2lp_stack_library.lib : gapbondmgr.obj (.text:GAPBondMgr_ProcessGAPMsg)
                  00004ce8    0000029c                                                         : gapbondmgr.obj (.text:GAPBondMgr_SetParameter)
                  00004f84    0000028c                                                         : gapbondmgr.obj (.text:GAPBondMgr_ProcessEvent)
                  00005210    00000280     cc2640_ll_pxxx.a : ll_isr.o (.text)
                  00005490    00000274     peripheral.obj (.text:GAPRole_GetParameter)
                  00005704    00000254     simple_peripheral.obj (.text:SimpleBLEPeripheral_processCharValueChangeEvt)
                  00005958    0000024c     cc26xx_profiles_pxxx.a : gapgattserver.o (.text)
                  00005ba4    0000024c     drivers_cc26x0r2.aem3 : CryptoCC26XX.oem3 (.text:cryptoTransactionExecute)
                  00005df0    00000240     cc2640_ll_pxxx.a : ll_isr.o (.text)
                  00006030    0000023c     drivers_cc26x0r2.aem3 : PowerCC26XX.oem3 (.text:Power_sleep)
                  0000626c    00000230     main.obj (.text:AssertHandler)
                  0000649c    00000210     cc2640_ll_pxxx.a : ll_common.o (.text)
                  000066ac    00000210                      : ll_slave_end_causes.o (.text)
                  000068bc    00000210     cc26xx_profiles_pxxx.a : gattservapp.o (.text)
                  00006acc    0000020c     driverlib.lib : sys_ctrl.obj (.text:NOROM_SysCtrlSetRechargeBeforePowerDown)
                  00006cd8    0000020c     cc2640_ll_pxxx.a : ll_common.o (.text)
                  00006ee4    00000208                      : ll_common.o (.text)
                  000070ec    00000204     cc26xx_sm_pxxx.a : sm_pairing.o (.text)
                  000072f0    000001f4     devinfoservice.obj (.text:DevInfo_SetParameter)
                  000074e4    000001f0     ECCROMCC26XX.obj (.text:ECCROMCC26XX_genDHKey)
                  000076d4    000001d4     ble5_simple_peripheral_cc2640r2lp_stack_library.lib : osal.obj (.text:osal_run_system)
                  000078a8    000001d0     cc2640_ll_pxxx.a : ll_common.o (.text)
                  00007a78    000001d0     ble5_simple_peripheral_cc2640r2lp_stack_library.lib : gapbondmgr.obj (.text:gapBondMgrAddBond)
                  00007c48    000001c8     cc2640_ll_pxxx.a : ll.o (.text)
                  00007e10    000001c8     rf_singleMode_cc26x0r2.aem3 : RFCC26XX_singleMode.oem3 (.text:fsmSetupState)
                  00007fd8    000001b0                                 : RFCC26XX_singleMode.oem3 (.text:RF_open)
                  00008188    000001b0     cc2640_ll_pxxx.a : ll_isr.o (.text)
                  00008338    000001a8     rf_singleMode_cc26x0r2.aem3 : RFCC26XX_singleMode.oem3 (.text:RF_postCmd)
                  000084e0    000001a8     cc2640_ll_pxxx.a : ll.o (.text)
                  00008688    000001a8                      : ll.o (.text)
                  00008830    000001a0     devinfoservice.obj (.text:devInfo_ReadAttrCB)
                  000089d0    00000194     simple_gatt_profile.obj (.text:simpleProfile_WriteAttrCB)
                  00008b64    00000190     drivers_cc26x0r2.aem3 : PowerCC26XX_calibrateRCOSC.oem3 (.text:PowerCC26XX_doCalibrate)
                  00008cf4    0000018c     ECCROMCC26XX.obj (.text:ECCROMCC26XX_genKeys)
                  00008e80    0000018c     drivers_cc26x0r2.aem3 : PINCC26XX.oem3 (.text:PIN_init)
                  0000900c    00000188     simple_peripheral.obj (.text:SimpleBLEPeripheral_processStackMsg)
                  00009194    00000184     ble5_simple_peripheral_cc2640r2lp_stack_library.lib : gapbondmgr.obj (.text:gapBondMgrAuthenticate)
                  00009318    0000017c     rf_singleMode_cc26x0r2.aem3 : RFCC26XX_singleMode.oem3 (.text:abortCmd)
                  00009494    00000174     cc26xx_gatt_pxxx.a : gatt_client.o (.text)
                  00009608    0000016c     peripheral.obj (.text:gapRole_taskFxn)
                  00009774    00000160     cc26xx_gatt_pxxx.a : gatt_client.o (.text)
                  000098d4    0000015c     drivers_cc26x0r2.aem3 : UARTCC26XX.oem3 (.text:UARTCC26XX_open)
                  00009a30    00000148     cc26xx_gap_pxxx.a : gap_linkmgr.o (.text)
                  00009b78    00000144     cc2640_ll_pxxx.a : ll_common.o (.text)
                  00009cbc    00000140     icall.obj (.text:ICall_waitMatch)
                  00009dfc    0000013c     drivers_cc26x0r2.aem3 : PowerCC26XX.oem3 (.text:Power_init)
                  00009f38    00000138     cc2640_ll_pxxx.a : ll.o (.text)
                  0000a070    00000134     icall.obj (.text:ICall_heapMalloc)
                  0000a1a4    00000134     cc2640_ll_pxxx.a : ll.o (.text)
                  0000a2d8    0000012c     cc26xx_sm_pxxx.a : sm_task.o (.text)
                  0000a404    00000128     simple_peripheral.obj (.text:SimpleBLEPeripheral_taskFxn)
                  0000a52c    00000128     cc2640_ll_pxxx.a : ll_scheduler.o (.text)
                  0000a654    00000124     ble5_simple_peripheral_cc2640r2lp_stack_library.lib : osal_snv_wrapper.obj (.text:compactPage)
                  0000a778    00000124                                                         : gapbondmgr.obj (.text:gapBondMgrEraseBonding)
                  0000a89c    00000118     drivers_cc26x0r2.aem3 : UARTCC26XX.oem3 (.text:UARTCC26XX_read)
                  0000a9b4    00000110     GUA_Led.obj (.text:GUA_Led_Set)
                  0000aac4    0000010c     rf_singleMode_cc26x0r2.aem3 : RFCC26XX_singleMode.oem3 (.text:hwiFxnCpe0Active)
                  0000abd0    0000010a     drivers_cc26x0r2.aem3 : UARTCC26XX.oem3 (.text:UARTCC26XX_hwiIntFxn)
                  0000acda    00000002     ble5_simple_peripheral_cc2640r2lp_stack_library.lib : common_rom_init.obj (.text:CommonROM_Init)
                  0000acdc    00000108                                                         : osal_snv_wrapper.obj (.text:NVOCOP_writeItem)
                  0000ade4    00000108     cc2640_ll_pxxx.a : ll_adv_end_causes.o (.text)
                  0000aeec    00000106     app_ble_pem3.oem3 (.text:xdc_runtime_System_printfExtend__I)
                  0000aff2    00000002     display.aem3 : DisplayUart.oem3 (.text:DisplayUartAnsi_init)
                  0000aff4    00000104     peripheral.obj (.text:gapRole_init)
                  0000b0f8    00000100     simple_gatt_profile.obj (.text:SimpleProfile_SetParameter)
                  0000b1f8    000000fc     ble5_simple_peripheral_cc2640r2lp_stack_library.lib : gapbondmgr.obj (.text:GAPBondMgr_LinkEst)
                  0000b2f4    000000fc     drivers_cc26x0r2.aem3 : UARTCC26XX.oem3 (.text:UARTCC26XX_write)
                  0000b3f0    000000f8     cc2640_ll_pxxx.a : ll.o (.text)
                  0000b4e8    000000f8     rf_singleMode_cc26x0r2.aem3 : RFCC26XX_singleMode.oem3 (.text:radioOpDoneCb)
                  0000b5e0    000000f4                                 : RFCC26XX_singleMode.oem3 (.text:fsmPowerUpState)
                  0000b6d4    000000f0     cc2640_ll_pxxx.a : ll_common.o (.text)
                  0000b7c4    000000f0     ble5_simple_peripheral_cc2640r2lp_stack_library.lib : osal_timers.obj (.text:osalTimerUpdate)
                  0000b8b4    000000e8                                                         : ble_user_config.obj (.text:setBleUserConfig)
                  0000b99c    000000e4     cc26xx_gatt_pxxx.a : gatt_client.o (.text)
                  0000ba80    000000e0     cc26xx_sm_pxxx.a : sm_pairing.o (.text)
                  0000bb60    000000dc     gattservapp_util.obj (.text:GATTServApp_ProcessCharCfg)
                  0000bc3c    000000dc     drivers_cc26x0r2.aem3 : PINCC26XX.oem3 (.text:PINCC26XX_setIoCfg)
                  0000bd18    000000dc     cc2640_hci_pxxx.a : hci_event.o (.text)
                  0000bdf4    000000dc     ble5_simple_peripheral_cc2640r2lp_stack_library.lib : osal.obj (.text:osal_set_event)
                  0000bed0    000000d8     icall.obj (.text:ICall_heapInit)
                  0000bfa8    000000d8     cc26xx_gap_pxxx.a : gap_linkmgr.o (.text)
                  0000c080    000000d4     drivers_cc26x0r2.aem3 : CryptoCC26XX.oem3 (.text:CryptoCC26XX_open)
                  0000c154    000000d4     icall.obj (.text:ICall_enrollService)
                  0000c228    000000d4     dpl_cc26x0r2.aem3 : PowerCC26XX_tirtos.oem3 (.text:PowerCC26XX_standbyPolicy)
                  0000c2fc    000000d4     cc2640_ll_pxxx.a : ll_scheduler.o (.text)
                  0000c3d0    000000ce     cc26xx_sm_pxxx.a : sm_pairing.o (.text)
                  0000c49e    00000002     driverlib.lib : rfc.obj (.text:NOROM_RFCAdi3VcoLdoVoltageMode)
                  0000c4a0    000000cc     cc2640_ll_pxxx.a : ll.o (.text)
                  0000c56c    000000cc                      : ll_common.o (.text)
                  0000c638    000000cc     gattservapp_util.obj (.text:gattServApp_SendNotiInd)
                  0000c704    000000c8     peripheral.obj (.text:gapRole_startConnUpdate)
                  0000c7cc    000000c8     two_btn_menu.obj (.text:tbm_displayItem)
                  0000c894    000000c4     drivers_cc26x0r2.aem3 : ADCCC26XX.oem3 (.text:ADCCC26XX_convert)
                  0000c958    000000c4     cc26xx_sm_pxxx.a : sm_pairing.o (.text)
                  0000ca1c    000000c2     cc2640_ll_pxxx.a : ll.o (.text)
                  0000cade    00000002     ble5_simple_peripheral_cc2640r2lp_stack_library.lib : onboard.obj (.text:Onboard_soft_reset)
                  0000cae0    000000c0     icall.obj (.text:ICall_setTimer)
                  0000cba0    000000c0     driverlib.lib : aux_adc.obj (.text:NOROM_AUXADCEnableSync)
                  0000cc60    000000bc     drivers_cc26x0r2.aem3 : GPTimerCC26XX.oem3 (.text:GPTimerCC26XX_open)
                  0000cd1c    000000bc                           : PowerCC26XX.oem3 (.text:Power_releaseDependency)
                  0000cdd8    000000bc     simple_peripheral.obj (.text:SimpleBLEPeripheral_processGATTMsg)
                  0000ce94    000000bc     cc2640_hci_pxxx.a : hci_event.o (.text)
                  0000cf50    000000bc     cc2640_ll_pxxx.a : ll_common.o (.text)
                  0000d00c    000000b8     simple_peripheral.obj (.text:SimpleBLEPeripheral_sendAttRsp)
                  0000d0c4    000000b4     drivers_cc26x0r2.aem3 : PowerCC26XX.oem3 (.text:Power_setDependency)
                  0000d178    000000b4     cc2640_ll_pxxx.a : ll_adv_end_causes.o (.text)
                  0000d22c    000000b0     icall.obj (.text:ICall_registerApp)
                  0000d2dc    000000b0     drivers_cc26x0r2.aem3 : UARTCC26XX.oem3 (.text:UARTCC26XX_initHw)
                  0000d38c    000000b0     cc2640_hci_pxxx.a : hci_event.o (.text)
                  0000d43c    000000b0     cc2640_ll_pxxx.a : ble.o (.text)
                  0000d4ec    000000b0     cc26xx_gap_pxxx.a : gap_linkmgr.o (.text)
                  0000d59c    000000ac     display.aem3 : DisplayUart.oem3 (.text:DisplayUartAnsi_clearLines)
                  0000d648    000000ac     driverlib.lib : setup.obj (.text:NOROM_SetupTrimDevice)
                  0000d6f4    000000ac     simple_peripheral.obj (.text:SimpleBLEPeripheral_freeAttRsp)
                  0000d7a0    000000ac     TRNGCC26XX.obj (.text:TRNGCC26XX_getNumber)
                  0000d84c    000000ac     cc2640_ll_pxxx.a : ll.o (.text)
                  0000d8f8    000000ac     two_btn_menu.obj (.text:tbm_displayItemPage)
                  0000d9a4    000000aa     cc2640_ll_pxxx.a : ll_common.o (.text)
                  0000da4e    00000002     ble5_simple_peripheral_cc2640r2lp_stack_library.lib : sm_ecc.obj (.text:SM_dhKeyCB)
                  0000da50    000000a8     icall.obj (.text:HEAPMGR_GETLARGESTFREEBUF)
                  0000daf8    000000a8     icall.obj (.text:ICall_send)
                  0000dba0    000000a8     icall.obj (.text:ICall_sendServiceComplete)
                  0000dc48    000000a8     cc26xx_gatt_pxxx.a : gatt_client.o (.text)
                  0000dcf0    000000a8     icall.obj (.text:icall_directAPI)
                  0000dd98    000000a7     display.aem3 : DisplayUart.oem3 (.text:DisplayUartAnsi_open)
                  0000de3f    00000001     --HOLE-- [fill = 0]
                  0000de40    000000a6     rom_sysbios.aem3 : rom_sysbios.obj (.text:xdc_runtime_Text_putSite__E)
                  0000dee6    00000002     ble5_simple_peripheral_cc2640r2lp_stack_library.lib : sm_ecc.obj (.text:SM_p256KeyCB)
                  0000dee8    000000a4                                                         : gapbondmgr.obj (.text:GAPBondMgr_ResolveAddr)
                  0000df8c    000000a4     icall.obj (.text:ICall_newTask)
                  0000e030    000000a4     simple_peripheral.obj (.text:SimpleBLEPeripheral_doSetPhy)
                  0000e0d4    000000a4     ble5_simple_peripheral_cc2640r2lp_stack_library.lib : osal_cbtimer.obj (.text:cbTimerSetup)
                  0000e178    000000a0     auto_init.aem3 : auto_init.oem3 (.text)
                  0000e218    000000a0     cc2640_hci_pxxx.a : hci_event.o (.text)
                  0000e2b8    000000a0     cc2640_ll_pxxx.a : ll_common.o (.text)
                  0000e358    000000a0                      : ll_common.o (.text)
                  0000e3f8    000000a0     ble5_simple_peripheral_cc2640r2lp_stack_library.lib : gapbondmgr.obj (.text:gapBondMgrUpdateCharCfg)
                  0000e498    000000a0     simple_gatt_profile.obj (.text:simpleProfile_ReadAttrCB)
                  0000e538    0000009f     display.aem3 : DisplayUart.oem3 (.text:DisplayUartAnsi_vprintf)
                  0000e5d7    00000001     --HOLE-- [fill = 0]
                  0000e5d8    0000009c     ble5_simple_peripheral_cc2640r2lp_stack_library.lib : gapbondmgr.obj (.text:GAPBondMgr_syncResolvingList)
                  0000e674    0000009c     icall.obj (.text:ICall_createRemoteTasks)
                  0000e710    0000009c     ble5_simple_peripheral_cc2640r2lp_stack_library.lib : osal_cbtimer.obj (.text:osal_CbTimerProcessEvent)
                  0000e7ac    0000009c     rtsv7M3_T_le_eabi.lib : memcpy_t2.asm.obj (.text)
                  0000e848    00000098     icall_cc2650.obj (.text:ICallPlatform_pwrUpdActivityCounter)
                  0000e8e0    00000098     drivers_cc26x0r2.aem3 : PINCC26XX.oem3 (.text:PIN_open)
                  0000e978    00000098     simple_gatt_profile.obj (.text:SimpleProfile_AddService)
                  0000ea10    00000098     drivers_cc26x0r2.aem3 : UARTCC26XX.oem3 (.text:UARTCC26XX_initIO)
                  0000eaa8    00000098     cc2640_ll_pxxx.a : ll.o (.text)
                  0000eb40    00000098                      : ll.o (.text)
                  0000ebd8    00000098     simple_peripheral.obj (.text:modify_TimerPeriod)
                  0000ec70    00000098     rom_sysbios.aem3 : rom_sysbios.obj (.text:ti_sysbios_knl_Clock_workFuncDynamic__E)
                  0000ed08    00000096     gattservapp_util.obj (.text:GATTServApp_ProcessCCCWriteReq)
                  0000ed9e    00000096     rtsv7M3_T_le_eabi.lib : ull_div_t2.asm.obj (.text)
                  0000ee34    00000094     driverlib.lib : aux_adc.obj (.text:NOROM_AUXADCDisable)
                  0000eec8    00000094     cc2640_ll_pxxx.a : ll_enc.o (.text)
                  0000ef5c    00000094     drivers_cc26x0r2.aem3 : UARTCC26XX.oem3 (.text:writeFinishedDoCallback)
                  0000eff0    00000092     cc2640_ll_pxxx.a : ll_common.o (.text)
                  0000f082    00000002     rtsv7M3_T_le_eabi.lib : _lock.c.obj (.text:_nop)
                  0000f084    00000090     driverlib.lib : crypto.obj (.text:NOROM_CRYPTOAesLoadKey)
                  0000f114    00000090     cc26xx_gatt_pxxx.a : gatt_client.o (.text)
                  0000f1a4    00000090     cc26xx_hci_tl_none.a : hci_tl.o (.text)
                  0000f234    0000008c     GUA_Profile.obj (.text:GUA_Profile_Notify)
                  0000f2c0    0000008c     icall.obj (.text:ICall_getEntityId)
                  0000f34c    0000008c     driverlib.lib : setup.obj (.text:TrimAfterColdResetWakeupFromShutDown)
                  0000f3d8    0000008c     drivers_cc26x0r2.aem3 : UARTCC26XX.oem3 (.text:UARTCC26XX_close)
                  0000f464    0000008c                           : UARTCC26XX.oem3 (.text:UARTCC26XX_writeCancel)
                  0000f4f0    0000008c     util.obj (.text:Util_convertBdAddr2Str)
                  0000f57c    0000008c     cc2640_ll_pxxx.a : ll_enc.o (.text)
                  0000f608    0000008c                      : ll_isr.o (.text)
                  0000f694    0000008c     cc26xx_gatt_pxxx.a : gatt_client.o (.text)
                  0000f720    0000008c     drivers_cc26x0r2.aem3 : PowerCC26XX.oem3 (.text:disableLFClockQualifiers)
                  0000f7ac    00000088                           : ADCCC26XX.oem3 (.text:ADCCC26XX_open)
                  0000f834    00000088     cc2640_hci_pxxx.a : hci_event.o (.text)
                  0000f8bc    00000088     cc2640_ll_pxxx.a : ll.o (.text)
                  0000f944    00000088                      : ll_common.o (.text)
                  0000f9cc    00000088     cc26xx_profiles_pxxx.a : gapgattserver.o (.text)
                  0000fa54    00000088     ble5_simple_peripheral_cc2640r2lp_stack_library.lib : osal_snv_wrapper.obj (.text:writeWord)
                  0000fadc    00000086     cc2640_ll_pxxx.a : ll_common.o (.text)
                  0000fb62    00000086     cc26xx_gatt_pxxx.a : gatt_client.o (.text)
                  0000fbe8    00000084     simple_peripheral.obj (.text:ADC_DataTransfer)
                  0000fc6c    00000084     icall.obj (.text:ICall_wait)
                  0000fcf0    00000084     simple_peripheral.obj (.text:SimpleBLEPeripheral_performPeriodicTask)
                  0000fd74    00000084     ble5_simple_peripheral_cc2640r2lp_stack_library.lib : osal.obj (.text:osal_event_send)
                  0000fdf8    00000084     drivers_cc26x0r2.aem3 : PowerCC26XX.oem3 (.text:switchXOSCHFclockFunc)
                  0000fe7c    00000080     rf_singleMode_cc26x0r2.aem3 : RFCC26XX_singleMode.oem3 (.text:RF_pendCmd)
                  0000fefc    00000080     cc2640_ll_pxxx.a : ll.o (.text)
                  0000ff7c    00000080     cc26xx_gatt_pxxx.a : gatt_client.o (.text)
                  0000fffc    00000080     ble5_simple_peripheral_cc2640r2lp_stack_library.lib : osal_icall_ble.obj (.text:osalInitTasks)
                  0001007c    0000007e     cc2640_ll_pxxx.a : ll.o (.text)
                  000100fa    0000007e     cc26xx_profiles_pxxx.a : gattservapp.o (.text)
                  00010178    0000007c     cc2640_ll_pxxx.a : ll_scheduler.o (.text)
                  000101f4    0000007c     cc26xx_gap_pxxx.a : gap_linkmgr.o (.text)
                  00010270    0000007c     cc26xx_gatt_pxxx.a : gatt_client.o (.text)
                  000102ec    0000007c     rf_singleMode_cc26x0r2.aem3 : RFCC26XX_singleMode.oem3 (.text:swiFxnHw)
                  00010368    0000007c     two_btn_menu.obj (.text:tbm_findActiveItem)
                  000103e4    0000007a     drivers_cc26x0r2.aem3 : CryptoCC26XX.oem3 (.text:CryptoCC26XX_allocateKey)
                  0001045e    0000007a     rtsv7M3_T_le_eabi.lib : memset_t2.asm.obj (.text)
                  000104d8    00000078     ECCROMCC26XX.obj (.text:ECCROMCC26XX_Params_init)
                  00010550    00000078     cc2640_ll_pxxx.a : ll_common.o (.text)
                  000105c8    00000078                      : ll_enc.o (.text)
                  00010640    00000078     peripheral.obj (.text:gapRole_processStackMsg)
                  000106b8    00000078     drivers_cc26x0r2.aem3 : UARTCC26XX.oem3 (.text:writeTxFifoFlush)
                  00010730    00000076     cc2640_ll_pxxx.a : ll_common.o (.text)
                  000107a6    00000002     rf_singleMode_cc26x0r2.aem3 : RFCC26XX_singleMode.oem3 (.text:defaultCallback)
                  000107a8    00000074     gattservapp_util.obj (.text:GATTServApp_InitCharCfg)
                  0001081c    00000074     driverlib.lib : rfc.obj (.text:NOROM_RFCOverrideUpdate)
                  00010890    00000074     cc2640_ll_pxxx.a : ll_common.o (.text)
                  00010904    00000074                      : ll_common.o (.text)
                  00010978    00000074                      : ll_common.o (.text)
                  000109ec    00000074     cc26xx_gatt_pxxx.a : gatt_client.o (.text)
                  00010a60    00000074     main.obj (.text:main)
                  00010ad4    00000074     ble5_simple_peripheral_cc2640r2lp_stack_library.lib : osal.obj (.text:osal_msg_enqueue_push)
                  00010b48    00000074     two_btn_menu.obj (.text:tbm_buttonRight)
                  00010bbc    00000074     rom_sysbios.aem3 : rom_sysbios.obj (.text:ti_sysbios_family_arm_cc26xx_Timer_start__E)
                  00010c30    00000074                      : rom_sysbios.obj (.text:xdc_runtime_Text_putMod__E)
[...]
2000260c  ClockP_tickPeriod                                                         
20002610  HEAPMGR_SIZE                                                              
20002614  curTemp                                                                   
20002618  hKeyPins                                                                  
2000261c  hTimer                                                                    
20002620  hTimer2                                                                   
20002624  tasksEvents                                                               
20002628  trngCC26XXObjects                                                         
2000262c  connInitialMaxTxTimeUncoded                                               
2000262e  connInitialMaxTxTimeCoded                                                 
20002635  defaultPhy                                                                
20002636  scanReqRpt                                                                
20002637  hciTaskID                                                                 
20002638  hciL2capTaskID                                                            
20002639  hciGapTaskID                                                              
2000263a  hciSmpTaskID                                                              
2000263b  hciTestTaskID                                                             
2000263c  driverlib_release_0_48919                                                 
2000263d  flag                                                                      
2000263e  g_hwiInt                                                                  
2000263f  icall_liteTaskId                                                          
20002640  osal_entity                                                               
20002641  tbmRowItemLast                                                            
20002642  heapStart                                                                 
20004000  __stack                                                                   
20004000  heapEnd                                                                   
20004400  __STACK_END                                                               
20004400  __STACK_TOP                                                               
200044f8  RAM_BASE_ADDR                                                             
20004504  ROM_FlashJT                                                               
20004508  gapParameters                                                             
20004558  gapPeripheralCBs                                                          
20004564  gapPeripheralConnCBs                                                      
20004584  smResponderCBs                                                            
2000459c  slaveConnHandle                                                           
2000459e  nextHandle                                                                
200045a0  l2capMtuSize                                                              
200045a2  gapAppTaskID                                                              
200045a3  gapAdvAppTaskID                                                           
200045a4  gapUnwantedTaskID                                                         
200045a5  reqTaskId                                                                 
200045a6  gattAppTaskID                                                             
200045a7  appTaskID                                                                 
200045a8  flowCtrlTaskId                                                            
200045a9  SM_appTaskID                                                              
200046ec  scanDataEntry                                                             
200047cc  wlTable                                                                   
200048a8  wlTableScan                                                               
20004988  rfObject                                                                  
20004a20  advCmd                                                                    
20004a68  localEccKeys                                                              
20004aac  initDataEntry                                                             
20004b1c  l2capFixedChannels                                                        
20004b4c  linkCBs                                                                   
20004b7c  eccParams                                                                 
20004bac  initParam                                                                 
20004bd0  scanParam                                                                 
20004bf4  advParam                                                                  
20004c14  cryptoPRAND                                                               
20004c34  txModemTestCmd                                                            
20004c50  gapParams                                                                 
20004c6c  initCmd                                                                   
20004c84  connReqData                                                               
20004c9c  scanCmd                                                                   
20004cb4  scanOutput                                                                
20004ce4  rxModemTestCmd                                                            
20004cfc  rsp                                                                       
20004d14  fwParDtmCmd                                                               
20004d44  fwParRfCmd                                                                
20004d5c  connOutput                                                                
20004d70  rxTestParam                                                               
20004d84  initDataQueue                                                             
20004d94  scanDataQueue                                                             
20004da4  advDataQueue                                                              
20004db4  advOutput                                                                 
20004dc4  txTestParam                                                               
20004dd4  initOutput                                                                
20004de0  rxTestOut                                                                 
20004df8  cachedTRNGdata                                                            
20004e04  gapCurrentRandomAddr                                                      
20004e0c  slaveUpdateReq                                                            
20004e14  pBleEvtMask                                                               
20004e1c  pHciEvtMask                                                               
20004e24  pHciEvtMask2                                                              
20004e2c  ownPublicAddr                                                             
20004e34  ownRandomAddr                                                             
20004e3c  ownSavedPublicAddr                                                        
20004e44  fwImmedCmd                                                                
20004e4c  attServerNotifyTxCB                                                       
20004e50  rfEvent                                                                   
20004e58  fwParCmd                                                                  
20004e60  verInfo                                                                   
20004e68  llConns                                                                   
20004e70  fwParamImmedCmd                                                           
20004e78  privInfo                                                                  
20004e88  rxDataQ                                                                   
20004e8c  txDataQ                                                                   
20004e90  rxRingBuf                                                                 
20004e94  txTestOut                                                                 
20004e98  pGapDiscReq                                                               
20004e9c  pGapAdvertState                                                           
20004ea0  pEstLink                                                                  
20004ea4  pAuthLink                                                                 
20004ea8  pfnCentralConnCBs                                                         
20004eac  pfnPeripheralConnCBs                                                      
20004eb0  pGapAdvTokens                                                             
20004eb4  pGapAdData                                                                
20004eb8  pGapScanRspData                                                           
20004ebc  pfnPeripheralCBs                                                          
20004ec0  pfnCentralCBs                                                             
20004ec4  pfnBondMgrCBs                                                             
20004ec8  serverInfoTbl                                                             
20004ecc  pServiceList                                                              
20004ed0  pfnServerProcessMsgCB                                                     
20004ed4  pfnClientProcessMsgCB                                                     
20004ed8  prepareWritesTbl                                                          
20004edc  serviceCBsList                                                            
20004ee0  pAttrValue                                                                
20004ee4  l2capChannels                                                             
20004ee8  linkDB                                                                    
20004eec  rfHandle                                                                  
20004ef0  rfDrvTblPtr                                                               
20004ef4  eccDrvTblPtr                                                              
20004ef8  cryptoDrvTblPtr                                                           
20004efc  trngDrvTblPtr                                                             
20004f00  activeConns                                                               
20004f04  SysBootMsg                                                                
20004f08  sclkSrc                                                                   
20004f0c  buildInfo                                                                 
20004f10  advInfo                                                                   
20004f18  initInfo                                                                  
20004f20  taskEndAction                                                             
20004f24  encParams                                                                 
20004f28  encHandle                                                                 
20004f2c  encKey                                                                    
20004f30  pPairingParams                                                            
20004f34  pfnResponderCBs                                                           
20004f38  pfnInitiatorCBs                                                           
20004f3c  gapLimitedAdvertisingTimeout                                              
20004f3e  attrLen                                                                   
20004f40  numHostBufs                                                               
20004f42  rfCmdHandle                                                               
20004f44  connInitialMaxTxOctets                                                    
20004f46  connInitialMaxTxTime                                                      
20004f48  supportedMaxTxOctets                                                      
20004f4a  supportedMaxTxTime                                                        
20004f4c  supportedMaxRxOctets                                                      
20004f4e  supportedMaxRxTime                                                        
20004f50  taskEndStatus                                                             
20004f52  postRfOperations                                                          
20004f54  rfCfgAdiVal                                                               
20004f58  gapProfileRole                                                            
20004f59  gapDeviceAddrMode                                                         
20004f5a  gapState                                                                  
20004f5b  terminateAllTaskID                                                        
20004f5c  terminateReason                                                           
20004f5d  gapTaskID                                                                 
20004f5e  gattNumConns                                                              
20004f5f  gattTaskID                                                                
20004f60  GATTServApp_TaskID                                                        
20004f61  maxNumPrepareWrites                                                       
20004f62  hciPTMenabled                                                             
20004f63  ctrlToHostEnable                                                          
20004f64  l2capFlowCtrlMode                                                         
20004f65  l2capTaskID                                                               
20004f66  l2capNumChannels                                                          
20004f67  l2capNumDataPkts                                                          
20004f68  l2capId                                                                   
20004f69  linkDBNumConns                                                            
20004f6a  linkDB_secureConnectionOnlyMode                                           
20004f6b  maxPduSize                                                                
20004f6c  rfFeModeBias                                                              
20004f6d  maxNumTxDataBufs                                                          
20004f6e  LL_TaskID                                                                 
20004f6f  llState                                                                   
20004f70  rssiCorrection                                                            
20004f71  curTxPowerVal                                                             
20004f72  maxTxPwrForDTM                                                            
20004f73  onePktPerEvt                                                              
20004f74  numComplPkts                                                              
20004f75  numComplPktsLimit                                                         
20004f76  numComplPktsFlush                                                         
20004f77  fastTxRespTime                                                            
20004f78  slOverride                                                                
20004f79  rxFifoFlowCtrl                                                            
20004f7a  numTxDataBufs                                                             
20004f7b  maxNumConns                                                               
20004f7c  smTaskID                                                                  
20004f7d  SM_appExpectingKey                                                        
20004f80  ECC_DATA$$Base                                                            
20004f80  eccRom_param_Gx                                                           
20004f84  eccRom_param_Gy                                                           
20004f88  eccRom_workzone                                                           
20004f8c  eccRom_param_p                                                            
20004f90  eccRom_param_r                                                            
20004f94  eccRom_param_a                                                            
20004f98  eccRom_param_b                                                            
20004f9c  eccRom_windowSize                                                         
20004fa0  aux64                                                                     
20004fa8  MOD                                                                       
20004fac  LEN                                                                       
20004fb0  inScalar                                                                  
20004fb4  inPointX                                                                  
20004fb8  inPointY                                                                  
20004fbc  outPointX                                                                 
20004fc0  outPointY                                                                 
20004fc4  SCAL                                                                      
20004fc8  EXPX                                                                      
20004fcc  EXPY                                                                      
20004fd0  EXPZ                                                                      
20004fd4  EXPW                                                                      
20004fd8  ACCX                                                                      
20004fdc  ACCY                                                                      
20004fe0  ACCZ                                                                      
20004fe4  TMP1                                                                      
20004fe8  TMP2                                                                      
20004fec  TMP3                                                                      
20004ff0  TMP4                                                                      
20004ff4  TMP5                                                                      
20004ff8  TMP6                                                                      
20004ffc  MSBMOD                                                                    
20005000  ECC_DATA$$Limit                                                           
20005000  __UNUSED_SRAM_end__                                                       
e000e000  ti_sysbios_family_arm_m3_Hwi_nvic                                         
ffffffff  __TI_pprof_out_hndl                                                       
ffffffff  __TI_prof_data_size                                                       
ffffffff  __TI_prof_data_start                                                      
ffffffff  __binit__                                                                 
ffffffff  __c_args__                                                                
ffffffff  binit                                                                     
UNDEFED   SHT$$INIT_ARRAY$$Base                                                     
UNDEFED   SHT$$INIT_ARRAY$$Limit                                                    

[2426 symbols]
